[32m[Nest] 98875  - [39m07/13/2026, 2:05:29 PM [32m    LOG[39m [38;5;3m[NestFactory] [39m[32mStarting Nest application...[39m
[32m[Nest] 98875  - [39m07/13/2026, 2:05:29 PM [32m    LOG[39m [38;5;3m[InstanceLoader] [39m[32mPassportModule dependencies initialized[39m[38;5;3m +0ms[39m
[32m[Nest] 98875  - [39m07/13/2026, 2:05:29 PM [32m    LOG[39m [38;5;3m[InstanceLoader] [39m[32mConfigHostModule dependencies initialized[39m[38;5;3m +1ms[39m
[32m[Nest] 98875  - [39m07/13/2026, 2:05:29 PM [32m    LOG[39m [38;5;3m[InstanceLoader] [39m[32mThrottlerModule dependencies initialized[39m[38;5;3m +0ms[39m
[32m[Nest] 98875  - [39m07/13/2026, 2:05:29 PM [32m    LOG[39m [38;5;3m[InstanceLoader] [39m[32mHealthModule dependencies initialized[39m[38;5;3m +0ms[39m
[32m[Nest] 98875  - [39m07/13/2026, 2:05:29 PM [32m    LOG[39m [38;5;3m[InstanceLoader] [39m[32mConfigModule dependencies initialized[39m[38;5;3m +0ms[39m
[32m[Nest] 98875  - [39m07/13/2026, 2:05:29 PM [32m    LOG[39m [38;5;3m[InstanceLoader] [39m[32mConfigModule dependencies initialized[39m[38;5;3m +0ms[39m
[32m[Nest] 98875  - [39m07/13/2026, 2:05:29 PM [32m    LOG[39m [38;5;3m[InstanceLoader] [39m[32mConfigModule dependencies initialized[39m[38;5;3m +0ms[39m
[31m[Nest] 98875  - [39m07/13/2026, 2:05:29 PM [31m  ERROR[39m [38;5;3m[ExceptionHandler] [39mError: @prisma/client did not initialize yet. Please run "prisma generate" and try to import it again.
    at new PrismaClient (/home/abdul-razack-a/Work/Smatal/Smatal Onboard/smatal-hr-system/node_modules/[4m.pnpm[24m/@prisma+client@6.2.1_prisma@7.8.0_@types+react@19.2.17_react-dom@19.2.7_react@19.2.7__react@19.2.7_typescript@5.9.3_/node_modules/[4m.prisma[24m/client/default.js:43:11)
    at new PrismaService [90m(/home/abdul-razack-a/Work/Smatal/Smatal Onboard/smatal-hr-system/backend/[39msrc/infrastructure/database/prisma.service.ts:19:5[90m)[39m
    at Injector.instantiateClass (/home/abdul-razack-a/Work/Smatal/Smatal Onboard/smatal-hr-system/node_modules/[4m.pnpm[24m/@nestjs+core@11.1.28_@nestjs+common@11.1.28_class-transformer@0.5.1_class-validator@0.1_eae2bcb28ab2d8d31226079b12ae0fc7/node_modules/[4m@nestjs/core[24m/injector/injector.js:430:19)
    at callback (/home/abdul-razack-a/Work/Smatal/Smatal Onboard/smatal-hr-system/node_modules/[4m.pnpm[24m/@nestjs+core@11.1.28_@nestjs+common@11.1.28_class-transformer@0.5.1_class-validator@0.1_eae2bcb28ab2d8d31226079b12ae0fc7/node_modules/[4m@nestjs/core[24m/injector/injector.js:72:45)
    at async Injector.resolveConstructorParams (/home/abdul-razack-a/Work/Smatal/Smatal Onboard/smatal-hr-system/node_modules/[4m.pnpm[24m/@nestjs+core@11.1.28_@nestjs+common@11.1.28_class-transformer@0.5.1_class-validator@0.1_eae2bcb28ab2d8d31226079b12ae0fc7/node_modules/[4m@nestjs/core[24m/injector/injector.js:180:24)
    at async Injector.loadInstance (/home/abdul-razack-a/Work/Smatal/Smatal Onboard/smatal-hr-system/node_modules/[4m.pnpm[24m/@nestjs+core@11.1.28_@nestjs+common@11.1.28_class-transformer@0.5.1_class-validator@0.1_eae2bcb28ab2d8d31226079b12ae0fc7/node_modules/[4m@nestjs/core[24m/injector/injector.js:77:13)
    at async Injector.loadProvider (/home/abdul-razack-a/Work/Smatal/Smatal Onboard/smatal-hr-system/node_modules/[4m.pnpm[24m/@nestjs+core@11.1.28_@nestjs+common@11.1.28_class-transformer@0.5.1_class-validator@0.1_eae2bcb28ab2d8d31226079b12ae0fc7/node_modules/[4m@nestjs/core[24m/injector/injector.js:111:9)
    at async /home/abdul-razack-a/Work/Smatal/Smatal Onboard/smatal-hr-system/node_modules/[4m.pnpm[24m/@nestjs+core@11.1.28_@nestjs+common@11.1.28_class-transformer@0.5.1_class-validator@0.1_eae2bcb28ab2d8d31226079b12ae0fc7/node_modules/[4m@nestjs/core[24m/injector/instance-loader.js:56:13
    at async Promise.all (index 11)
    at async InstanceLoader.createInstancesOfProviders (/home/abdul-razack-a/Work/Smatal/Smatal Onboard/smatal-hr-system/node_modules/[4m.pnpm[24m/@nestjs+core@11.1.28_@nestjs+common@11.1.28_class-transformer@0.5.1_class-validator@0.1_eae2bcb28ab2d8d31226079b12ae0fc7/node_modules/[4m@nestjs/core[24m/injector/instance-loader.js:55:9)
    at async /home/abdul-razack-a/Work/Smatal/Smatal Onboard/smatal-hr-system/node_modules/[4m.pnpm[24m/@nestjs+core@11.1.28_@nestjs+common@11.1.28_class-transformer@0.5.1_class-validator@0.1_eae2bcb28ab2d8d31226079b12ae0fc7/node_modules/[4m@nestjs/core[24m/injector/instance-loader.js:40:13
    at async Promise.all (index 14)
    at async InstanceLoader.createInstances (/home/abdul-razack-a/Work/Smatal/Smatal Onboard/smatal-hr-system/node_modules/[4m.pnpm[24m/@nestjs+core@11.1.28_@nestjs+common@11.1.28_class-transformer@0.5.1_class-validator@0.1_eae2bcb28ab2d8d31226079b12ae0fc7/node_modules/[4m@nestjs/core[24m/injector/instance-loader.js:39:9)
    at async InstanceLoader.createInstancesOfDependencies (/home/abdul-razack-a/Work/Smatal/Smatal Onboard/smatal-hr-system/node_modules/[4m.pnpm[24m/@nestjs+core@11.1.28_@nestjs+common@11.1.28_class-transformer@0.5.1_class-validator@0.1_eae2bcb28ab2d8d31226079b12ae0fc7/node_modules/[4m@nestjs/core[24m/injector/instance-loader.js:22:13)
    at async /home/abdul-razack-a/Work/Smatal/Smatal Onboard/smatal-hr-system/node_modules/[4m.pnpm[24m/@nestjs+core@11.1.28_@nestjs+common@11.1.28_class-transformer@0.5.1_class-validator@0.1_eae2bcb28ab2d8d31226079b12ae0fc7/node_modules/[4m@nestjs/core[24m/nest-factory.js:113:17
    at async Function.asyncRun (/home/abdul-razack-a/Work/Smatal/Smatal Onboard/smatal-hr-system/node_modules/[4m.pnpm[24m/@nestjs+core@11.1.28_@nestjs+common@11.1.28_class-transformer@0.5.1_class-validator@0.1_eae2bcb28ab2d8d31226079b12ae0fc7/node_modules/[4m@nestjs/core[24m/errors/exceptions-zone.js:22:13)
